Testing Docker Desktop Model Runner at http://localhost:12434...
Status: 200
Success! Response:
{
  "choices": [
    {
      "finish_reason": "length",
      "index": 0,
      "message": {
        "role": "assistant",
        "content": "{\n    \"num_users\": 1,\n\n\"num_users\": 1,\n\n\"num_users\": 1,\n\n\"num_users\": 1,\n\n\"num_users\": 1,\n\n\"num_users\": 1,\n\n\"num_users\": 1,\n\n\"num_users\": 1,\n\n\"num_users\": 1,\n\n\"num_users\": 1,\n\n\"num_users\": 1,\n\n\"num_users\": 1,\n\n\"num_users\": 1,\n\n\"num_users\": 1,\n\n\"num_users\": 1,\n\n\"num_users\": 1,\n\n\"num_users\": 1,\n\n\"num_users\": 1,\n\n\"num_users\": 1,\n\n\"num_users\": 1,\n\n\"num_users\": 1,\n\n\"num_users\": 1,\n\n\"num_users\": 1,\n\n\"num_users\": 1,\n\n\"num_users\": 1,\n\n\"num_users\": 1,\n\n\"num_users\": 1,\n\n\"num_users\": 1,\n\n\"num_users\": 1,\n\n\"num_users\": 1,\n\n\"num_users\": 1,\n\n\"num_users\": 1,\n\n\"num_users\": 1,\n\n\"num_users\": 1,\n\n\"num_users\": 1,\n\n\"num_users\": 1,\n\n\"num_users\": 1,\n\n\"num_users\": 1,\n\n\"num_users\": 1,\n\n\"num_users\": 1,\n\n\"num_users\": 1,\n\n\"num_users\": 1,\n\n\"num_users\": 1,\n\n\"num_users\": 1,\n\n\"num_users\": 1,\n\n\"num_users\": 1,\n\n\"num_users\": 1,\n\n\"num_users\": 1,\n\n\"num_users\": 1,\n\n\"num_users\": 1,\n\n\"num_users\": 1,\n\n\"num_users\": 1,\n\n\"num_users\": 1,\n\n\"num_users\": 1,\n\n\"num_users\": 1,\n\n\"num_users\": 1,\n\n\"num_users\": 1,\n\n\"num_users\": 1,\n\n\"num_users\": 1,\n\n\"num_users\": 1,\n\n\"num_users\": 1,\n\n\"num_users\": 1,\n\n\"num_users\": 1,\n\n\"num_users\": 1,\n\n\"num_users\": 1,\n\n\"num_users\": 1,\n\n\"num_users\": 1,\n\n\"num_users\": 1,\n\n\"num_users\": 1,\n\n\"num_users\": 1,\n\n\"num_users\": 1,\n\n\"num_users\": 1,\n\n\"num_users\": 1,\n\n\"num_users\": 1,\n\n\"num_users\": 1,\n\n\"num_users\": 1,\n\n\"num_users\": 1,\n\n\"num_users\": 1,\n\n\"num_users\": 1,\n\n\"num_users\": 1,\n\n\"num_users\": 1,\n\n\"num_users\": 1,\n\n\"num_users\": 1,\n\n\"num_users\": 1,\n\n\"num_users\": 1,\n\n\"num_users\": 1,\n\n\"num_users\": 1,\n\n\"num_users\": 1,\n\n\"num_users\": 1,\n\n\"num_users\": 1,\n\n\"num_users\": 1,\n\n\"num_users\": 1,\n\n\"num_users\": 1,\n\n\"num_users\": 1,\n\n\"num_users\": 1,\n\n\"num_users\": 1,\n\n\"num_users\": 1,\n\n\"num_users\": 1,\n\n\"num_users\": 1,\n\n\"num_users\": 1,\n\n\"num_users\": 1,\n\n\"num_users\": 1,\n\n\"num_users\": 1,\n\n\"num_users\": 1,\n\n\"num_users\": 1,\n\n\"num_users\": 1,\n\n\"num_users\": 1,\n\n\"num_users\": 1,\n\n\"num_users\": 1,\n\n\"num_users\": 1,\n\n\"num_users\": 1,\n\n\"num_users\": 1,\n\n\"num_users\": 1,\n\n\"num_users\": 1,\n\n\"num_users\": 1,\n\n\"num_users\": 1,\n\n\"num_users\": 1,\n\n\"num_users\": 1,\n\n\"num_users\": 1,\n\n\"num_users\": 1,\n\n\"num_users\": 1,\n\n\"num_users\": 1,\n\n\"num_users\": 1,\n\n\"num_users\": 1,\n\n\"num_users\": 1,\n\n\"num_users\": 1,\n\n\"num_users\": 1,\n\n\"num_users\": 1,\n\n\"num_users\": 1,\n\n\"num_users\": 1,\n\n\"num_users\": 1,\n\n\"num_users\": 1,\n\n\"num_users\": 1,\n\n\"num_users\": 1,\n\n\"num_users\": 1,\n\n\"num_users\": 1,\n\n\"num_users\": 1,\n\n\"num_users\": 1,\n\n\"num_users\": 1,\n\n\"num_users\": 1,\n\n\"num_users\": 1,\n\n\"num_users\": 1,\n\n\"num_users\": 1,\n\n\"num_users\": 1,\n\n\"num_users\": 1,\n\n\"num_users\": 1,\n\n\"num_users\": 1,\n\n\"num_users\": 1,\n\n\"num_users\": 1,\n\n\"num_users\": 1,\n\n\"num_users\": 1,\n\n\"num_users\": 1,\n\n\"num_users\": 1,\n\n\"num_users\": 1,\n\n\"num_users\": 1,\n\n\"num_users\": 1,\n\n\"num_users\": 1,\n\n\"num_users\": 1,\n\n\"num_users\": 1,\n\n\"num_users\": 1,\n\n\"num_users\": 1,\n\n\"num_users\": 1,\n\n\"num_users\": 1,\n\n\"num_users\": 1,\n\n\"num_users\": 1,\n\n\"num_users\": 1,\n\n\"num_users\": 1,\n\n\"num_users\": 1,\n\n\"num_users\": 1,\n\n\"num_users\": 1,\n\n\"num_users\": 1,\n\n\"num_users\": 1,\n\n\"num_users\": 1,\n\n\"num_users\": 1,\n\n\"num_users\": 1,\n\n\"num_users\": 1,\n\n\"num_users\": 1,\n\n\"num_users\": 1,\n\n\"num_users\": 1,\n\n\"num_users\": 1,\n\n\"num_users\": 1,\n\n\"num_users\": 1,\n\n\"num_users\": 1,\n\n\"num_users\": 1,\n\n\"num_users\": 1,\n\n\"num_users\": 1,\n\n\"num_users\": 1,\n\n\"num_users\": 1,\n\n\"num_users\": 1,\n\n\"num_users\": 1,\n\n\"num_users\": 1,\n\n\"num_users\": 1,\n\n\"num_users\": 1,\n\n\"num_users\": 1,\n\n\"num_users\": 1,\n\n\"num_users\": 1,\n\n\"num_users\": 1,\n\n\"num_users\": 1,\n\n\"num_users\": 1,\n\n\"num_users\": 1,\n\n\"num_users\": 1,\n\n\"num_users\": 1,\n\n\"num_users\": 1,\n\n\"num_users\": 1,\n\n\"num_users\": 1,\n\n\"num_users\": 1,\n\n\"num_users\": 1,\n\n\"num_users\": 1,\n\n\"num_users\": 1,\n\n\"num_users\": 1,\n\n\"num_users\": 1,\n\n\"num_users\": 1,\n\n\"num_users\": 1,\n\n\"num_users\": 1,\n\n\"num_users\": 1,\n\n\"num_users\": 1,\n\n\"num_users\": 1,\n\n\"num_users\": 1,\n\n\"num_users\": 1,\n\n\"num_users\": 1,\n\n\"num_users\": 1,\n\n\"num_users\": 1,\n\n\"num_users\": 1,\n\n\"num_users\": 1,\n\n\"num_users\": 1,\n\n\"num_users\": 1,\n\n\"num_users\": 1,\n\n\"num_users\": 1,\n\n\"num_users\": 1,\n\n\"num_users\": 1,\n\n\"num_users\": 1,\n\n\"num_users\": 1,\n\n\"num_users\": 1,\n\n\"num_users\": 1,\n\n\"num_users\": 1,\n\n\"num_users\": 1,\n\n\"num_users\": 1,\n\n\"num_users\": 1,\n\n\"num_users\": 1,\n\n\"num_users\": 1,\n\n\"num_users\": 1,\n\n\"num_users\": 1,\n\n\"num_users\": 1,\n\n\"num_users\": 1,\n\n\"num_users\": 1,\n\n\"num_users\": 1,\n\n\"num_users\": 1,\n\n\"num_users\": 1,\n\n\"num_users\": 1,\n\n\"num_users\": 1,\n\n\"num_users\": 1,\n\n\"num_users\": 1,\n\n\"num_users\": 1,\n\n\"num_users\": 1,\n\n\"num_users\": 1,\n\n\"num_users\": 1,\n\n\"num_users\": 1,\n\n\"num_users\": 1,\n\n\"num_users\": 1,\n\n\"num_users\": 1,\n\n\"num_users\": 1,\n\n\"num_users\": 1,\n\n\"num_users\": 1,\n\n\"num_users\": 1,\n\n\"num_users\": 1,\n\n\"num_users\": 1,\n\n\"num_users\": 1,\n\n\"num_users\": 1,\n\n\"num_users\": 1,\n\n\"num_users\": 1,\n\n\"num_users\": 1,\n\n\"num_users\": 1,\n\n\"num_users\": 1,\n\n\"num_users\": 1,\n\n\"num_users\": 1,\n\n\"num_users\": 1,\n\n\"num_users\": 1,\n\n\"num_users\": 1,\n\n\"num_users\": 1,\n\n\"num_users\": 1,\n\n\"num_users\": 1,\n\n\"num_users\": 1,\n\n\"num_users\": 1,\n\n\"num_users\": 1,\n\n\"num_users\": 1,\n\n\"num_users\": 1,\n\n\"num_users\": 1,\n\n\"num_users\": 1,\n\n\"num_users\": 1,\n\n\"num_users\": 1,\n\n\"num_users\": 1,\n\n\"num_users\": 1,\n\n\"num_users\": 1,\n\n\"num_users\": 1,\n\n\"num_users\": 1,\n\n\"num_users\": 1,\n\n\"num_users\": 1,\n\n\"num_users\": 1,\n\n\"num_users\": 1,\n\n\"num_users\": 1,\n\n\"num_users\": 1,\n\n\"num_users\": 1,\n\n\"num_users\": 1,\n\n\"num_users\": 1,\n\n\"num_users\": 1,\n\n\"num_users\": 1,\n\n\"num_users\": 1,\n\n\"num_users\": 1,\n\n\"num_users\": 1,\n\n\"num_users\": 1,\n\n\"num_users\": 1,\n\n\"num_users\": 1,\n\n\"num_users\": 1,\n\n\"num_users\": 1,\n\n\"num_users\": 1,\n\n\"num_users\": 1,\n\n\"num_users\": 1,\n\n\"num_users\": 1,\n\n\"num_users\": 1,\n\n\"num_users\": 1,\n\n\"num_users\": 1,\n\n\"num_users\": 1,\n\n\"num_users\": 1,\n\n\"num_users\": 1,\n\n\"num_users\": 1,\n\n\"num_users\": 1,\n\n\"num_users\": 1,\n\n\"num_users\": 1,\n\n\"num_users\": 1,\n\n\"num_users\": 1,\n\n\"num_users\": 1,\n\n\"num_users\": 1,\n\n\"num_users\": 1,\n\n\"num_users\": 1,\n\n\"num_users\": 1,\n\n\"num_users\": 1,\n\n\"num_users\": 1,\n\n\"num_users\": 1,\n\n\"num_users\": 1,\n\n\"num_users\": 1,\n\n\"num_users\": 1,\n\n\"num_users\": 1,\n\n\"num_users\": 1,\n\n\"num_users\": 1,\n\n\"num_users\": 1,\n\n\"num_users\": 1,\n\n\"num_users\": 1,\n\n\"num_users\": 1,\n\n\"num_users\": 1,\n\n\"num_users\": 1,\n\n\"num_users\": 1,\n\n\"num_users\": 1,\n\n\"num_users\": 1,\n\n\"num_users\": 1,\n\n\"num_users\": 1,\n\n\"num_users\": 1,\n\n\"num_users\": 1,\n\n\"num_users\": 1,\n\n\"num_users\": 1,\n\n\"num_users\": 1,\n\n\"num_users\": 1,\n\n\"num_users\": 1,\n\n\"num_users\": 1,\n\n\"num_users\": 1,\n\n\"num_users\": 1,\n\n\"num_users\": 1,\n\n\"num_users\": 1,\n\n\"num_users\": 1,\n\n\"num_users\": 1,\n\n\"num_users\": 1,\n\n\"num_users\": 1,\n\n\"num_users\": 1,\n\n\"num_users\": 1,\n\n\"num_users\": 1,\n\n\"num_users\": 1,\n\n\"num_users\": 1,\n\n\"num_users\": 1,\n\n\"num_users\": 1,\n\n\"num_users\": 1,\n\n\"num_users\": 1,\n\n\"num_users\": 1,\n\n\"num_users\": 1,\n\n\"num_users\": 1,\n\n\"num_users\": 1,\n\n\"num_users\": 1,\n\n\"num_users\": 1,\n\n\"num_users\": 1,\n\n\"num_users\": 1,\n\n\"num_users\": 1,\n\n\"num_users\": 1,\n\n\"num_users\": 1,\n\n\"num_users\": 1,\n\n\"num_users\": 1,\n\n\"num_users\": 1,\n\n\"num_users\": 1,\n\n\"num_users\": 1,\n\n\"num_users\": 1,\n\n\"num_users\": 1,\n\n\"num_users\": 1,\n\n\"num_users\": 1,\n\n\"num_users\": 1,\n\n\"num_users\": 1,\n\n\"num_users\": 1,\n\n\"num_users\": 1,\n\n\"num_users\": 1,\n\n"
      }
    }
  ],
  "created": 1772698330,
  "model": "model.gguf",
  "system_fingerprint": "b1-3191462",
  "object": "chat.completion",
  "usage": {
    "completion_tokens": 4052,
    "prompt_tokens": 44,
    "total_tokens": 4096
  },
  "id": "chatcmpl-T96sAp91NzjlxoxUItsgsNHGPn7gYBCA",
  "timings": {
    "cache_n": 43,
    "prompt_n": 1,
    "prompt_ms": 14.876,
    "prompt_per_token_ms": 14.876,
    "prompt_per_second": 67.22237160527024,
    "predicted_n": 4052,
    "predicted_ms": 13952.295,
    "predicted_per_token_ms": 3.4433107107601186,
    "predicted_per_second": 290.41817134743786
  }
}

Parsed Content:
{
    "num_users": 1,

"num_users": 1,

"num_users": 1,

"num_users": 1,

"num_users": 1,

"num_users": 1,

"num_users": 1,

"num_users": 1,

"num_users": 1,

"num_users": 1,

"num_users": 1,

"num_users": 1,

"num_users": 1,

"num_users": 1,

"num_users": 1,

"num_users": 1,

"num_users": 1,

"num_users": 1,

"num_users": 1,

"num_users": 1,

"num_users": 1,

"num_users": 1,

"num_users": 1,

"num_users": 1,

"num_users": 1,

"num_users": 1,

"num_users": 1,

"num_users": 1,

"num_users": 1,

"num_users": 1,

"num_users": 1,

"num_users": 1,

"num_users": 1,

"num_users": 1,

"num_users": 1,

"num_users": 1,

"num_users": 1,

"num_users": 1,

"num_users": 1,

"num_users": 1,

"num_users": 1,

"num_users": 1,

"num_users": 1,

"num_users": 1,

"num_users": 1,

"num_users": 1,

"num_users": 1,

"num_users": 1,

"num_users": 1,

"num_users": 1,

"num_users": 1,

"num_users": 1,

"num_users": 1,

"num_users": 1,

"num_users": 1,

"num_users": 1,

"num_users": 1,

"num_users": 1,

"num_users": 1,

"num_users": 1,

"num_users": 1,

"num_users": 1,

"num_users": 1,

"num_users": 1,

"num_users": 1,

"num_users": 1,

"num_users": 1,

"num_users": 1,

"num_users": 1,

"num_users": 1,

"num_users": 1,

"num_users": 1,

"num_users": 1,

"num_users": 1,

"num_users": 1,

"num_users": 1,

"num_users": 1,

"num_users": 1,

"num_users": 1,

"num_users": 1,

"num_users": 1,

"num_users": 1,

"num_users": 1,

"num_users": 1,

"num_users": 1,

"num_users": 1,

"num_users": 1,

"num_users": 1,

"num_users": 1,

"num_users": 1,

"num_users": 1,

"num_users": 1,

"num_users": 1,

"num_users": 1,

"num_users": 1,

"num_users": 1,

"num_users": 1,

"num_users": 1,

"num_users": 1,

"num_users": 1,

"num_users": 1,

"num_users": 1,

"num_users": 1,

"num_users": 1,

"num_users": 1,

"num_users": 1,

"num_users": 1,

"num_users": 1,

"num_users": 1,

"num_users": 1,

"num_users": 1,

"num_users": 1,

"num_users": 1,

"num_users": 1,

"num_users": 1,

"num_users": 1,

"num_users": 1,

"num_users": 1,

"num_users": 1,

"num_users": 1,

"num_users": 1,

"num_users": 1,

"num_users": 1,

"num_users": 1,

"num_users": 1,

"num_users": 1,

"num_users": 1,

"num_users": 1,

"num_users": 1,

"num_users": 1,

"num_users": 1,

"num_users": 1,

"num_users": 1,

"num_users": 1,

"num_users": 1,

"num_users": 1,

"num_users": 1,

"num_users": 1,

"num_users": 1,

"num_users": 1,

"num_users": 1,

"num_users": 1,

"num_users": 1,

"num_users": 1,

"num_users": 1,

"num_users": 1,

"num_users": 1,

"num_users": 1,

"num_users": 1,

"num_users": 1,

"num_users": 1,

"num_users": 1,

"num_users": 1,

"num_users": 1,

"num_users": 1,

"num_users": 1,

"num_users": 1,

"num_users": 1,

"num_users": 1,

"num_users": 1,

"num_users": 1,

"num_users": 1,

"num_users": 1,

"num_users": 1,

"num_users": 1,

"num_users": 1,

"num_users": 1,

"num_users": 1,

"num_users": 1,

"num_users": 1,

"num_users": 1,

"num_users": 1,

"num_users": 1,

"num_users": 1,

"num_users": 1,

"num_users": 1,

"num_users": 1,

"num_users": 1,

"num_users": 1,

"num_users": 1,

"num_users": 1,

"num_users": 1,

"num_users": 1,

"num_users": 1,

"num_users": 1,

"num_users": 1,

"num_users": 1,

"num_users": 1,

"num_users": 1,

"num_users": 1,

"num_users": 1,

"num_users": 1,

"num_users": 1,

"num_users": 1,

"num_users": 1,

"num_users": 1,

"num_users": 1,

"num_users": 1,

"num_users": 1,

"num_users": 1,

"num_users": 1,

"num_users": 1,

"num_users": 1,

"num_users": 1,

"num_users": 1,

"num_users": 1,

"num_users": 1,

"num_users": 1,

"num_users": 1,

"num_users": 1,

"num_users": 1,

"num_users": 1,

"num_users": 1,

"num_users": 1,

"num_users": 1,

"num_users": 1,

"num_users": 1,

"num_users": 1,

"num_users": 1,

"num_users": 1,

"num_users": 1,

"num_users": 1,

"num_users": 1,

"num_users": 1,

"num_users": 1,

"num_users": 1,

"num_users": 1,

"num_users": 1,

"num_users": 1,

"num_users": 1,

"num_users": 1,

"num_users": 1,

"num_users": 1,

"num_users": 1,

"num_users": 1,

"num_users": 1,

"num_users": 1,

"num_users": 1,

"num_users": 1,

"num_users": 1,

"num_users": 1,

"num_users": 1,

"num_users": 1,

"num_users": 1,

"num_users": 1,

"num_users": 1,

"num_users": 1,

"num_users": 1,

"num_users": 1,

"num_users": 1,

"num_users": 1,

"num_users": 1,

"num_users": 1,

"num_users": 1,

"num_users": 1,

"num_users": 1,

"num_users": 1,

"num_users": 1,

"num_users": 1,

"num_users": 1,

"num_users": 1,

"num_users": 1,

"num_users": 1,

"num_users": 1,

"num_users": 1,

"num_users": 1,

"num_users": 1,

"num_users": 1,

"num_users": 1,

"num_users": 1,

"num_users": 1,

"num_users": 1,

"num_users": 1,

"num_users": 1,

"num_users": 1,

"num_users": 1,

"num_users": 1,

"num_users": 1,

"num_users": 1,

"num_users": 1,

"num_users": 1,

"num_users": 1,

"num_users": 1,

"num_users": 1,

"num_users": 1,

"num_users": 1,

"num_users": 1,

"num_users": 1,

"num_users": 1,

"num_users": 1,

"num_users": 1,

"num_users": 1,

"num_users": 1,

"num_users": 1,

"num_users": 1,

"num_users": 1,

"num_users": 1,

"num_users": 1,

"num_users": 1,

"num_users": 1,

"num_users": 1,

"num_users": 1,

"num_users": 1,

"num_users": 1,

"num_users": 1,

"num_users": 1,

"num_users": 1,

"num_users": 1,

"num_users": 1,

"num_users": 1,

"num_users": 1,

"num_users": 1,

"num_users": 1,

"num_users": 1,

"num_users": 1,

"num_users": 1,

"num_users": 1,

"num_users": 1,

"num_users": 1,

"num_users": 1,

"num_users": 1,

"num_users": 1,

"num_users": 1,

"num_users": 1,

"num_users": 1,

"num_users": 1,

"num_users": 1,

"num_users": 1,

"num_users": 1,

"num_users": 1,

"num_users": 1,

"num_users": 1,

"num_users": 1,

"num_users": 1,

"num_users": 1,

"num_users": 1,

"num_users": 1,

"num_users": 1,

"num_users": 1,

"num_users": 1,

"num_users": 1,

"num_users": 1,

"num_users": 1,

"num_users": 1,

"num_users": 1,

"num_users": 1,

"num_users": 1,

"num_users": 1,

"num_users": 1,

"num_users": 1,

"num_users": 1,

"num_users": 1,

"num_users": 1,

"num_users": 1,

"num_users": 1,

"num_users": 1,

"num_users": 1,

"num_users": 1,

"num_users": 1,

"num_users": 1,

"num_users": 1,

"num_users": 1,

"num_users": 1,

"num_users": 1,

"num_users": 1,

"num_users": 1,

"num_users": 1,

"num_users": 1,

"num_users": 1,

"num_users": 1,

"num_users": 1,

"num_users": 1,

"num_users": 1,

"num_users": 1,

"num_users": 1,

"num_users": 1,

"num_users": 1,

"num_users": 1,

"num_users": 1,

"num_users": 1,

"num_users": 1,

"num_users": 1,

"num_users": 1,

"num_users": 1,

"num_users": 1,

"num_users": 1,

"num_users": 1,

"num_users": 1,

"num_users": 1,

"num_users": 1,

"num_users": 1,

"num_users": 1,

"num_users": 1,

"num_users": 1,

"num_users": 1,

"num_users": 1,

"num_users": 1,

"num_users": 1,

"num_users": 1,

"num_users": 1,

"num_users": 1,

"num_users": 1,

"num_users": 1,

"num_users": 1,

"num_users": 1,


JSON Parse Error: Expected double-quoted property name in JSON at position 6891
